Γû▓ Next.js 16.1.6 (Turbopack)
- Environments: .env.local
- Experiments (use with caution):
  ┬╖ optimizePackageImports

node.exe : ΓÜá The "middleware" file 
convention is deprecated. Please use 
"proxy" instead. Learn more: https://nex
tjs.org/docs/messages/middleware-to-prox
y
At line:1 char:1
+ & "C:\Program Files\nodejs/node.exe" 
"C:\Users\suraj\AppData\Roaming\ ...
+ ~~~~~~~~~~~~~~~~~~~~~~~~~~~~~~~~~~~~~~
~~~~~~~~~~~~~~~~~~~~~~~~~~~~~~~
    + CategoryInfo          : NotSpecif 
   ied: (ΓÜá The "middle...leware-to-p  
  roxy:String) [], RemoteException
    + FullyQualifiedErrorId : NativeCom 
   mandError
 
  Creating an optimized production build ...
Γ£ô Compiled successfully in 24.9s
  Running TypeScript ...
  Collecting page data using 7 workers ...
  Generating static pages using 7 workers (0/16) ...
  Generating static pages using 7 workers (4/16) 
  Generating static pages using 7 workers (8/16) 
  Generating static pages using 7 workers (12/16) 
Γ£ô Generating static pages using 7 workers (16/16) in 2.6s
  Finalizing page optimization ...

Route (app)
Γöî ╞Æ /
Γö£ ╞Æ /_not-found
Γö£ ╞Æ /account
Γö£ ╞Æ /admin
Γö£ ╞Æ /admin/ads
Γö£ ╞Æ /admin/analytics
Γö£ ╞Æ /admin/audit-logs
Γö£ ╞Æ /admin/moderation
Γö£ ╞Æ /admin/news
Γö£ ╞Æ /admin/seo
Γö£ ╞Æ /admin/site
Γö£ ╞Æ /admin/system
Γö£ ╞Æ /admin/users
Γö£ ╞Æ /anime/[animeId]
Γö£ ╞Æ /api/[...slug]
Γö£ ╞Æ /api/analytics/track
Γö£ ╞Æ /api/auth/session
Γö£ ╞Æ /api/download
Γö£ ╞Æ /api/proxy
Γö£ ╞Æ /api/proxy-vtt
Γö£ ╞Æ /api/site/config
Γö£ ╞Æ /api/stream
Γö£ ╞Æ /api/subtitle
Γö£ ╞Æ /api/user/batch
Γö£ ╞Æ /api/user/export
Γö£ ╞Æ /api/user/role
Γö£ ╞Æ /api/user/settings/account
Γö£ ╞Æ /api/user/settings/password
Γö£ ╞Æ /api/user/settings/sessions
Γö£ ╞Æ /api/user/stats
Γö£ ╞Æ /azlist
Γö£ ╞Æ /azlist/[letter]
Γö£ ╞Æ /category/[category]
Γö£ ╞Æ /community
Γö£ ╞Æ /community/super-x
Γö£ ╞Æ /contact
Γö£ ╞Æ /dashboard
Γö£ ╞Æ /dmca
Γö£ ╞Æ /donate
Γö£ ╞Æ /download
Γö£ ╞Æ /genre/[genre]
Γö£ ╞Æ /genres
Γö£ ╞Æ /home
Γö£ ╞Æ /leaderboard
Γö£ ╞Æ /movies
Γö£ ╞Æ /news
Γö£ ╞Æ /news/[slug]
Γö£ ╞Æ /notifications
Γö£ ╞Æ /offline
Γö£ ╞Æ /privacy
Γö£ ╞Æ /producer/[producer]
Γö£ ╞Æ /profile
Γö£ ╞Æ /profile/[username]
Γö£ ╞Æ /random
Γö£ Γùï /robots.txt
Γö£ ╞Æ /search
Γö£ ╞Æ /settings
Γö£ ╞Æ /sitemap.xml
Γö£ ╞Æ /studio/[studio]
Γö£ ╞Æ /terms
Γö£ ╞Æ /top-airing
Γö£ ╞Æ /tv
Γö£ ╞Æ /types
Γö£ ╞Æ /watch-together
Γö£ ╞Æ /watch-together/[roomId]
Γö£ ╞Æ /watch/[animeId]
Γö£ ╞Æ /watchlist
Γöö ╞Æ /welcome


╞Æ Proxy (Middleware)

Γùï  (Static)   prerendered as static content
╞Æ  (Dynamic)  server-rendered on demand

